// Jest Snapshot v1, https://goo.gl/fbAQLP

exports[`Link changes the class when hovered 1`] = `
<div
  className="sc-EHOje eNAxcq"
  id={3}
  style={
    Object {
      "backgroundColor": "#2980b9",
      "height": "82px",
    }
  }
>
  # 
  3
   
  <br />
  600 ms
   
  NaN %
  <i />
</div>
`;

exports[`Link changes the class when hovered 2`] = `
<div
  className="sc-EHOje eNAxcq"
  id={3}
  style={
    Object {
      "backgroundColor": "#2980b9",
      "height": "82px",
    }
  }
>
  # 
  3
   
  <br />
  600 ms
   
  NaN %
  <i />
</div>
`;
